// Jest Snapshot v1, https://goo.gl/fbAQLP

exports[`should render ExpenseList with empty message 1`] = `
<div>
  <p>
    No Expenses
  </p>
</div>
`;

exports[`should render ExpenseList with expenses 1`] = `
<div>
  <ExpenseListItem
    amount={2000}
    createdAt={864000000}
    description="rent"
    id="1"
    key="1"
    note=""
  />
  <ExpenseListItem
    amount={20}
    createdAt={-345600000}
    description="gas bill"
    id="2"
    key="2"
    note=""
  />
  <ExpenseListItem
    amount={15}
    createdAt={345600000}
    description="lunch"
    id="3"
    key="3"
    note=""
  />
</div>
`;
