// Jest Snapshot v1, https://goo.gl/fbAQLP

exports[`should render ExpenseListItem 1`] = `
<div>
  <Link
    to="/edit/1"
  >
    <h1>
      rent
    </h1>
  </Link>
  <p>
    $2,000.00
  </p>
  <p>
    Created at: 
    January 10th, 1970
  </p>
</div>
`;
