// Jest Snapshot v1, https://goo.gl/fbAQLP

exports[`should render NotFoundPage 1`] = `
<div>
  404 NOT FOUND
  <Link
    to="/"
  >
    Go back to homepage
  </Link>
</div>
`;
